// Jest Snapshot v1, https://goo.gl/fbAQLP

exports[`snapshot 1`] = `
"## Created with gatsby-plugin-netlify

/*
  X-Frame-Options: DENY
  X-XSS-Protection: 1; mode=block
  X-Content-Type-Options: nosniff
  Referrer-Policy: same-origin
/static/*
  Cache-Control: public, max-age=31536000, immutable
/sw.js
  Cache-Control: no-cache
/offline-plugin-app-shell-fallback/
  Link: </webpack-runtime-acaa8994f1f704475e21.js>; rel=preload; as=script
  Link: </styles-565f081c8374bbda155f.js>; rel=preload; as=script
  Link: </app-f33c13590352da20930f.js>; rel=preload; as=script
  Link: </component---node-modules-gatsby-plugin-offline-app-shell-js-78f9e4dea04737fa062d.js>; rel=preload; as=script
/hi-folks/
  Link: </webpack-runtime-acaa8994f1f704475e21.js>; rel=preload; as=script
  Link: </styles-565f081c8374bbda155f.js>; rel=preload; as=script
  Link: </app-f33c13590352da20930f.js>; rel=preload; as=script
  Link: </0-0180cd94ef2497ac7db8.js>; rel=preload; as=script
  Link: </component---src-templates-blog-post-js-517987eae96e75cddbe7.js>; rel=preload; as=script
/my-second-post/
  Link: </webpack-runtime-acaa8994f1f704475e21.js>; rel=preload; as=script
  Link: </styles-565f081c8374bbda155f.js>; rel=preload; as=script
  Link: </app-f33c13590352da20930f.js>; rel=preload; as=script
  Link: </0-0180cd94ef2497ac7db8.js>; rel=preload; as=script
  Link: </component---src-templates-blog-post-js-517987eae96e75cddbe7.js>; rel=preload; as=script
/hello-world/
  Link: </webpack-runtime-acaa8994f1f704475e21.js>; rel=preload; as=script
  Link: </styles-565f081c8374bbda155f.js>; rel=preload; as=script
  Link: </app-f33c13590352da20930f.js>; rel=preload; as=script
  Link: </0-0180cd94ef2497ac7db8.js>; rel=preload; as=script
  Link: </component---src-templates-blog-post-js-517987eae96e75cddbe7.js>; rel=preload; as=script
/404/
  Link: </webpack-runtime-acaa8994f1f704475e21.js>; rel=preload; as=script
  Link: </styles-565f081c8374bbda155f.js>; rel=preload; as=script
  Link: </app-f33c13590352da20930f.js>; rel=preload; as=script
  Link: </0-0180cd94ef2497ac7db8.js>; rel=preload; as=script
  Link: </component---src-pages-404-js-53e6c51a5a7e73090f50.js>; rel=preload; as=script
/
  Link: </webpack-runtime-acaa8994f1f704475e21.js>; rel=preload; as=script
  Link: </styles-565f081c8374bbda155f.js>; rel=preload; as=script
  Link: </app-f33c13590352da20930f.js>; rel=preload; as=script
  Link: </0-0180cd94ef2497ac7db8.js>; rel=preload; as=script
  Link: </component---src-pages-index-js-0bdd01c77ee09ef0224c.js>; rel=preload; as=script
/404.html
  Link: </webpack-runtime-acaa8994f1f704475e21.js>; rel=preload; as=script
  Link: </styles-565f081c8374bbda155f.js>; rel=preload; as=script
  Link: </app-f33c13590352da20930f.js>; rel=preload; as=script
  Link: </0-0180cd94ef2497ac7db8.js>; rel=preload; as=script
  Link: </component---src-pages-404-js-53e6c51a5a7e73090f50.js>; rel=preload; as=script
"
`;
