// Jest Snapshot v1, https://goo.gl/fbAQLP

exports[`calls contentful.createClient with expected params 1`] = `
Array [
  Object {
    "accessToken": "accessToken",
    "environment": "env",
    "host": "host",
    "space": "space",
  },
]
`;
