// Jest Snapshot v1, https://goo.gl/fbAQLP

exports[`webpack utils js returns correct rule 1`] = `
Object {
  "exclude": /core-js\\|event-source-polyfill\\|webpack-hot-middleware\\\\/client/,
  "test": /\\\\\\.\\(js\\|mjs\\|jsx\\)\\$/,
  "type": "javascript/auto",
  "use": Array [
    Object {
      "loader": "<PROJECT_ROOT>/packages/gatsby/src/utils/babel-loader.js",
      "options": Object {},
    },
  ],
}
`;
