// Jest Snapshot v1, https://goo.gl/fbAQLP

exports[`redux db should write cache to disk 1`] = `
Object {
  "componentDataDependencies": Object {
    "connections": Object {},
    "nodes": Object {},
  },
  "components": Map {
    "/Users/username/dev/site/src/templates/my-sweet-new-page.js" => Object {
      "componentPath": "/Users/username/dev/site/src/templates/my-sweet-new-page.js",
      "isInBootstrap": true,
      "pages": Set {
        "/my-sweet-new-page/",
      },
      "query": "",
    },
  },
  "pages": Map {
    "/my-sweet-new-page/" => Object {
      "component": "/Users/username/dev/site/src/templates/my-sweet-new-page.js",
      "componentChunkName": "component---users-username-dev-site-src-templates-my-sweet-new-page-js",
      "componentPath": "/Users/username/dev/site/src/templates/my-sweet-new-page.js",
      "context": Object {
        "id": "123456",
      },
      "internalComponentName": "ComponentMySweetNewPage",
      "isCreatedByStatefulCreatePages": undefined,
      "matchPath": undefined,
      "path": "/my-sweet-new-page/",
      "pluginCreatorId": undefined,
      "pluginCreator___NODE": undefined,
      "updatedAt": 1571231761339,
    },
  },
  "staticQueryComponents": Map {},
  "status": Object {
    "plugins": Object {},
  },
  "webpackCompilationHash": "",
}
`;
