// Jest Snapshot v1, https://goo.gl/fbAQLP

exports[`gatsby-transformer-sqip generateSqip cached 1`] = `
Object {
  "additionalMetadata": Object {
    "mocked": "json",
  },
  "metadata": Object {
    "palette": Object {},
  },
  "svg": "<svg><!-- Cached SQIP SVG --></svg>",
}
`;

exports[`gatsby-transformer-sqip generateSqip not cached 1`] = `
Object {
  "additionalMetadata": Object {
    "dataURI": "data:mocked",
  },
  "metadata": Object {
    "palette": Object {
      "Vibrant": Object {
        "hex": "#M0CK3D",
        "hsl": Array [
          0.1,
          0.2,
          0.3,
        ],
        "population": 42,
        "rgb": Array [
          1,
          2,
          3,
        ],
      },
    },
  },
  "svg": "<svg><!-- Mocked SQIP SVG --></svg>",
}
`;

exports[`gatsby-transformer-sqip generateSqip not cached 2`] = `
Object {
  "plugins": Array [
    Object {
      "name": "sqip-plugin-primitive",
      "options": Object {
        "mode": 3,
        "numberOfPrimitives": 5,
      },
    },
    Object {
      "name": "sqip-plugin-blur",
      "options": Object {
        "blur": 0,
      },
    },
    "sqip-plugin-svgo",
    "sqip-plugin-data-uri",
  ],
}
`;
