// Jest Snapshot v1, https://goo.gl/fbAQLP

exports[`SSR is run for a page when it is requested 1`] = `"<!DOCTYPE html><html><head><meta charSet=\\"utf-8\\"/><meta http-equiv=\\"x-ua-compatible\\" content=\\"ie=edge\\"/><meta name=\\"viewport\\" content=\\"width=device-width, initial-scale=1, shrink-to-fit=no\\"/><link data-identity=\\"gatsby-dev-css\\" rel=\\"stylesheet\\" type=\\"text/css\\" href=\\"/commons.css\\"/><meta name=\\"note\\" content=\\"environment=development\\"/><script src=\\"/socket.io/socket.io.js\\"></script></head><body><div id=\\"___gatsby\\"><div style=\\"outline:none\\" tabindex=\\"-1\\" id=\\"gatsby-focus-wrapper\\"><div><h1 class=\\"hi\\">Hello world</h1></div></div><div id=\\"gatsby-announcer\\" style=\\"position:absolute;top:0;width:1px;height:1px;padding:0;overflow:hidden;clip:rect(0, 0, 0, 0);white-space:nowrap;border:0\\" aria-live=\\"assertive\\" aria-atomic=\\"true\\"></div></div><script src=\\"/polyfill.js\\" nomodule=\\"\\"></script><script src=\\"/framework.js\\"></script><script src=\\"/commons.js\\"></script></body></html>"`;

exports[`SSR it generates an error page correctly 1`] = `
"<!DOCTYPE html><html><head><meta charSet=\\"utf-8\\"/><meta http-equiv=\\"x-ua-compatible\\" content=\\"ie=edge\\"/><meta name=\\"viewport\\" content=\\"width=device-width, initial-scale=1, shrink-to-fit=no\\"/><link data-identity=\\"gatsby-dev-css\\" rel=\\"stylesheet\\" type=\\"text/css\\" href=\\"/commons.css\\"/><meta name=\\"note\\" content=\\"environment=development\\"/><script src=\\"/socket.io/socket.io.js\\"></script></head><body><div id=\\"___gatsby\\"><div style=\\"outline:none\\" tabindex=\\"-1\\" id=\\"gatsby-focus-wrapper\\"></div><div id=\\"gatsby-announcer\\" style=\\"position:absolute;top:0;width:1px;height:1px;padding:0;overflow:hidden;clip:rect(0, 0, 0, 0);white-space:nowrap;border:0\\" aria-live=\\"assertive\\" aria-atomic=\\"true\\"></div></div><script>window._gatsbyEvents = window._gatsbyEvents || []; window._gatsbyEvents.push([\\"FAST_REFRESH\\", { action: \\"SHOW_DEV_SSR_ERROR\\", payload: {\\"codeFrame\\":\\"/u001b[0m /u001b[90m 2 |/u001b[39m/u001b[0m/n/u001b[0m /u001b[90m 3 |/u001b[39m /u001b[36mconst/u001b[39m /u001b[33mComponent/u001b[39m /u001b[33m=/u001b[39m () /u001b[33m=>/u001b[39m {/u001b[0m/n/u001b[0m/u001b[31m/u001b[1m>/u001b[22m/u001b[39m/u001b[90m 4 |/u001b[39m   /u001b[36mconst/u001b[39m a /u001b[33m=/u001b[39m window/u001b[33m./u001b[39mwidth/u001b[0m/n/u001b[0m /u001b[90m   |/u001b[39m             /u001b[31m/u001b[1m^/u001b[22m/u001b[39m/u001b[0m/n/u001b[0m /u001b[90m 5 |/u001b[39m/u001b[0m/n/u001b[0m /u001b[90m 6 |/u001b[39m   /u001b[36mreturn/u001b[39m /u001b[33m</u001b[39m/u001b[33mdiv/u001b[39m/u001b[33m>/u001b[39mhi/u001b[33m</u001b[39m/u001b[33m//u001b[39m/u001b[33mdiv/u001b[39m/u001b[33m>/u001b[39m/u001b[0m/n/u001b[0m /u001b[90m 7 |/u001b[39m }/u001b[0m\\",\\"source\\":\\"src/pages/bad-page.js\\",\\"line\\":4,\\"column\\":13,\\"sourceMessage\\":\\"window is not defined\\",\\"stack\\":\\"ReferenceError: window is not defined/n    at Component (<PROJECT_ROOT>/public/webpack:/ssr/src/pages/bad-page.js:4:13)/n    at processChild (<PROJECT_ROOT>/node_modules/react-dom/cjs/react-dom-server.node.development.js:3043:14)/n    at resolve (<PROJECT_ROOT>/node_modules/react-dom/cjs/react-dom-server.node.development.js:2960:5)/n    at ReactDOMServerRenderer.render (<PROJECT_ROOT>/node_modules/react-dom/cjs/react-dom-server.node.development.js:3435:22)/n    at ReactDOMServerRenderer.read (<PROJECT_ROOT>/node_modules/react-dom/cjs/react-dom-server.node.development.js:3373:29)/n    at renderToString (<PROJECT_ROOT>/node_modules/react-dom/cjs/react-dom-server.node.development.js:3988:27)/n    at generateBodyHTML (<PROJECT_ROOT>/public/webpack:/ssr/.cache/ssr-develop-static-entry.js:293:34)/n    at Object.__WEBPACK_DEFAULT_EXPORT__ [as default] (<PROJECT_ROOT>/public/webpack:/ssr/.cache/ssr-develop-static-entry.js:323:19)/n    at <PROJECT_ROOT>/node_modules/gatsby/src/utils/dev-ssr/render-dev-html-child.js:95:9/n    at new Promise (<anonymous>)\\"} }])</script><noscript><h1>Failed to Server Render (SSR)</h1><h2>Error message:</h2><p>window is not defined</p><h2>File:</h2><p>src/pages/bad-page.js:4:13</p><h2>Stack:</h2><pre><code>ReferenceError: window is not defined
    at Component (<PROJECT_ROOT>/public/webpack:/ssr/src/pages/bad-page.js:4:13)
    at processChild (<PROJECT_ROOT>/node_modules/react-dom/cjs/react-dom-server.node.development.js:3043:14)
    at resolve (<PROJECT_ROOT>/node_modules/react-dom/cjs/react-dom-server.node.development.js:2960:5)
    at ReactDOMServerRenderer.render (<PROJECT_ROOT>/node_modules/react-dom/cjs/react-dom-server.node.development.js:3435:22)
    at ReactDOMServerRenderer.read (<PROJECT_ROOT>/node_modules/react-dom/cjs/react-dom-server.node.development.js:3373:29)
    at renderToString (<PROJECT_ROOT>/node_modules/react-dom/cjs/react-dom-server.node.development.js:3988:27)
    at generateBodyHTML (<PROJECT_ROOT>/public/webpack:/ssr/.cache/ssr-develop-static-entry.js:293:34)
    at Object.__WEBPACK_DEFAULT_EXPORT__ [as default] (<PROJECT_ROOT>/public/webpack:/ssr/.cache/ssr-develop-static-entry.js:323:19)
    at <PROJECT_ROOT>/node_modules/gatsby/src/utils/dev-ssr/render-dev-html-child.js:95:9
    at new Promise (&lt;anonymous&gt;)</code></pre></noscript><script src=\\"/polyfill.js\\" nomodule=\\"\\"></script><script src=\\"/framework.js\\"></script><script src=\\"/commons.js\\"></script></body></html>"
`;
