// Jest Snapshot v1, https://goo.gl/fbAQLP

exports[`Kichen sink schema test passes kitchen sink query 1`] = `
Object {
  "data": Object {
    "addResolvers": Array [
      Object {
        "code": "BdiU-TTFP4h",
        "id": "1685001452849004065",
        "likes": 33,
      },
      Object {
        "code": "BdIpEzalAJx",
        "id": "1677771511187112561",
        "likes": 29,
      },
    ],
    "filter": Object {
      "edges": Array [
        Object {
          "node": Object {
            "comment": 1,
            "id": "1270677182602272387",
          },
        },
        Object {
          "node": Object {
            "comment": 0,
            "id": "1256134251849702933",
          },
        },
      ],
    },
    "resolveFilter": Object {
      "id": "1601601194425654597",
      "idWithDecoration": "decoration-1601601194425654597",
      "likes": 9,
    },
    "sort": Object {
      "edges": Array [
        Object {
          "node": Object {
            "_3invalidKey": null,
            "code": "BGiWipNM96D",
            "comment": 1,
            "id": "1270677182602272387",
            "idWithDecoration": "decoration-1270677182602272387",
            "image": Object {
              "childImageSharp": Object {
                "id": "081cbcc5-44ec-5f4e-ae7a-fc25e68ff615",
              },
            },
            "likes": null,
            "time": "12.06.2016",
          },
        },
        Object {
          "node": Object {
            "_3invalidKey": null,
            "code": "BFur3Jfs94V",
            "comment": 0,
            "id": "1256134251849702933",
            "idWithDecoration": "decoration-1256134251849702933",
            "image": Object {
              "childImageSharp": Object {
                "id": "a0a75092-ed13-5117-a44b-7360940f99b5",
              },
            },
            "likes": null,
            "time": "23.05.2016",
          },
        },
      ],
    },
    "thirdPartyStuff": Object {
      "text": "Hello third-party schema!",
    },
  },
}
`;
