// Jest Snapshot v1, https://goo.gl/fbAQLP

exports[`it transforms HTML img tags 1`] = `
"
  <span class=\\"gatsby-resp-image-wrapper\\" style=\\"position: relative; display: block; ; max-width: 200px; margin-left: auto; margin-right: auto;\\">
    <span class=\\"gatsby-resp-image-background-image\\" style=\\"padding-bottom: 100%; position: relative; bottom: 0; left: 0; background-image: url(&apos;https://images.ctfassets.net/rocybtov1ozk/wtrHxeu3zEoEce2MokCSi/73dce36715f16e27cf5ff0d2d97d7dff/quwowooybuqbl6ntboz3.jpg?w=40&apos;); background-size: cover; display: block;\\">
      <img class=\\"gatsby-resp-image-image\\" style=\\"width: 100%; height: 100%; margin: 0; vertical-align: middle; position: absolute; top: 0; left: 0; box-shadow: inset 0px 0px 0px 400px white;\\" alt=\\"quwowooybuqbl6ntboz3\\" title=\\"\\" src=\\"https//images.ctfassets.net/rocybtov1ozk/wtrHxeu3zEoEce2MokCSi/73dce36715f16e27cf5ff0d2d97d7dff/quwowooybuqbl6ntboz3.jpg\\" srcset=\\"https://images.ctfassets.net/rocybtov1ozk/wtrHxeu3zEoEce2MokCSi/73dce36715f16e27cf5ff0d2d97d7dff/quwowooybuqbl6ntboz3.jpg?w=50 50w,
https://images.ctfassets.net/rocybtov1ozk/wtrHxeu3zEoEce2MokCSi/73dce36715f16e27cf5ff0d2d97d7dff/quwowooybuqbl6ntboz3.jpg?w=100 100w,
https://images.ctfassets.net/rocybtov1ozk/wtrHxeu3zEoEce2MokCSi/73dce36715f16e27cf5ff0d2d97d7dff/quwowooybuqbl6ntboz3.jpg?w=200 200w\\" sizes=\\"(max-width: 200px) 100vw, 200px\\">
    </span>
  </span>
  "
`;

exports[`it transforms images in markdown 1`] = `
"
  <span
    class=\\"gatsby-resp-image-wrapper\\"
    style=\\"position: relative; display: block; ; max-width: 200px; margin-left: auto; margin-right: auto;\\"
  >
    <span
      class=\\"gatsby-resp-image-background-image\\"
      style=\\"padding-bottom: 100%; position: relative; bottom: 0; left: 0; background-image: url('https://images.ctfassets.net/rocybtov1ozk/wtrHxeu3zEoEce2MokCSi/73dce36715f16e27cf5ff0d2d97d7dff/quwowooybuqbl6ntboz3.jpg?w=40'); background-size: cover; display: block;\\"
    >
      <img
        class=\\"gatsby-resp-image-image\\"
        style=\\"width: 100%; height: 100%; margin: 0; vertical-align: middle; position: absolute; top: 0; left: 0; box-shadow: inset 0px 0px 0px 400px white;\\"
        alt=\\"image\\"
        title=\\"\\"
        src=\\"https//images.ctfassets.net/rocybtov1ozk/wtrHxeu3zEoEce2MokCSi/73dce36715f16e27cf5ff0d2d97d7dff/quwowooybuqbl6ntboz3.jpg\\"
        srcset=\\"https://images.ctfassets.net/rocybtov1ozk/wtrHxeu3zEoEce2MokCSi/73dce36715f16e27cf5ff0d2d97d7dff/quwowooybuqbl6ntboz3.jpg?w=50 50w,
https://images.ctfassets.net/rocybtov1ozk/wtrHxeu3zEoEce2MokCSi/73dce36715f16e27cf5ff0d2d97d7dff/quwowooybuqbl6ntboz3.jpg?w=100 100w,
https://images.ctfassets.net/rocybtov1ozk/wtrHxeu3zEoEce2MokCSi/73dce36715f16e27cf5ff0d2d97d7dff/quwowooybuqbl6ntboz3.jpg?w=200 200w\\"
        sizes=\\"(max-width: 200px) 100vw, 200px\\"
      />
    </span>
  </span>
  "
`;
