// Jest Snapshot v1, https://goo.gl/fbAQLP

exports[`develop-static-entry onPreRenderHTML can be used to replace header components 1`] = `"<!DOCTYPE html><html><head><meta charSet=\\"utf-8\\"/><meta http-equiv=\\"x-ua-compatible\\" content=\\"ie=edge\\"/><meta name=\\"viewport\\" content=\\"width=device-width, initial-scale=1, shrink-to-fit=no\\"/><style>.style2 </style><style>.style1 </style><script src=\\"/socket.io/socket.io.js\\"></script></head><body><div id=\\"___gatsby\\"></div><script src=\\"/commons.js\\"></script></body></html>"`;

exports[`static-entry onPreRenderHTML can be used to replace header components 1`] = `"<!DOCTYPE html><html><head><meta charSet=\\"utf-8\\"/><meta http-equiv=\\"x-ua-compatible\\" content=\\"ie=edge\\"/><meta name=\\"viewport\\" content=\\"width=device-width, initial-scale=1, shrink-to-fit=no\\"/><style>.style2 </style><style>.style1 </style></head><body><div id=\\"___gatsby\\"></div><script id=\\"gatsby-script-loader\\">/*<![CDATA[*/window.page={\\"path\\":\\"/about/\\",\\"componentChunkName\\":\\"page-component---src-pages-test-js\\",\\"jsonName\\":\\"about.json\\"};/*]]>*/</script></body></html>"`;
