// Jest Snapshot v1, https://goo.gl/fbAQLP

exports[`throws an warning on unknown values 1`] = `
Object {
  "details": Array [
    Object {
      "context": Object {
        "key": "notInSchema",
        "label": "notInSchema",
        "value": true,
      },
      "message": "\\"notInSchema\\" is not allowed",
      "path": Array [
        "notInSchema",
      ],
      "type": "any.unknown",
    },
  ],
  "message": "\\"notInSchema\\" is not allowed",
}
`;
